// Jest Snapshot v1, https://goo.gl/fbAQLP

exports[`Carousel.vue snapshot 1`] = `
<div
  class="el-carousel__item"
  style="transform: translateX(0px);"
>
  <div
    class="el-carousel__mask"
  />
  
  
</div>
`;
